Warship Destroyer-19 in (Sector-2, 51)
Sith-74 93870
Warship Destroyer-10 in (Sector-5, 5)
Sith-34 88256
Warship Destroyer-20 in (Sector-3, 61)
Sith-77 82668
Warship Cruiser-13 in (Sector-1, 63)
Jedi-47 63076
Warship Cruiser-3 in (Sector-4, 36)
Jedi-8 60864
Warship Destroyer-1 in (Sector-1, 62)
Sith-2 56142
Warship Destroyer-5 in (Sector-5, 56)
Sith-15 40498
Warship Destroyer-12 in (Sector-5, 49)
Sith-46 30228
Warship Cruiser-2 is destroyed by Destroyer-10 in (Sector-5,5)
Warship Destroyer-4 is destroyed by Cruiser-2 in (Sector-5,5)
Warship Destroyer-6 is destroyed by Cruiser-17 in (Sector-4,23)
Warship Cruiser-7 is destroyed by Destroyer-1 in (Sector-3,15)
Warship Cruiser-8 is destroyed by Destroyer-10 in (Sector-3,11)
Warship Destroyer-9 is destroyed by Cruiser-13 in (Sector-4,30)
Warship Cruiser-11 is destroyed by Destroyer-20 in (Sector-1,32)
Warship Cruiser-14 is destroyed by Destroyer-1 in (Sector-3,15)
Warship Cruiser-15 is destroyed by Destroyer-10 in (Sector-1,28)
Warship Cruiser-16 is destroyed by Destroyer-5 in (Sector-3,38)
Warship Cruiser-17 is destroyed by Destroyer-20 in (Sector-4,23)
Warship Cruiser-18 is destroyed by Destroyer-19 in (Sector-3,20)
Sith Sith-34 is in Destroyer-10
7284
Sith Sith-2 is in Destroyer-1
3798
Sith Sith-77 is in Destroyer-20
3439
Sith Sith-74 is in Destroyer-19
3326
Jedi Jedi-25 is killed by Sith-34
2734
Jedi Jedi-69 is killed by Sith-74
2727
Sith Sith-15 is in Destroyer-5
1414
Jedi Jedi-8 is in Cruiser-3
1413
Jedi Jedi-783 is free
1365
Sith Sith-28 is free
1362
Jedi Jedi-238 is free
1352
Jedi Jedi-4 is killed by Sith-34
1351
Jedi Jedi-763 is free
1343
Jedi Jedi-184 is free
1341
Jedi Jedi-878 is free
1339
Jedi Jedi-574 is free
1327
Jedi Jedi-7 is in Cruiser-3
1323
Jedi Jedi-58 is killed by Sith-34
1320
Jedi Jedi-619 is free
1318
Sith Sith-78 is in Destroyer-20
1284
Jedi Jedi-280 is free
1277
Jedi Jedi-105 is free
1275
Jedi Jedi-833 is free
1273
Jedi Jedi-943 is free
1264
Jedi Jedi-283 is free
1254
Jedi Jedi-134 is free
1246
Jedi Jedi-418 is free
1240
Jedi Jedi-616 is free
1239
Jedi Jedi-805 is free
1218
Jedi Jedi-526 is free
1216
Jedi Jedi-821 is free
1215
Jedi Jedi-762 is free
1213
Jedi Jedi-591 is free
1208
Jedi Jedi-686 is free
1202
Jedi Jedi-441 is free
1200
Jedi Jedi-659 is free
1199
Jedi Jedi-261 is free
1193
Jedi Jedi-705 is free
1193
Jedi Jedi-973 is free
1185
Jedi Jedi-559 is free
1184
Jedi Jedi-730 is free
1184
Jedi Jedi-1056 is free
1184
Jedi Jedi-875 is free
1183
Jedi Jedi-190 is free
1179
Jedi Jedi-175 is free
1177
Jedi Jedi-758 is free
1175
Jedi Jedi-845 is free
1174
Jedi Jedi-1065 is free
1173
Jedi Jedi-528 is free
1168
Jedi Jedi-47 is in Cruiser-13
1153
Jedi Jedi-174 is free
1143
Jedi Jedi-315 is free
1142
Jedi Jedi-59 is killed by Sith-34
1139
Jedi Jedi-541 is free
1136
Jedi Jedi-403 is free
1134
Sith Sith-46 is in Destroyer-12
1126
Jedi Jedi-459 is free
1123
Jedi Jedi-1006 is free
1119
Jedi Jedi-198 is free
1117
Jedi Jedi-979 is free
1115
Jedi Jedi-709 is free
1112
Jedi Jedi-692 is free
1106
Jedi Jedi-890 is free
1106
Jedi Jedi-519 is free
1104
Jedi Jedi-466 is free
1103
Jedi Jedi-631 is free
1102
Sith Sith-45 is in Destroyer-12
1101
Jedi Jedi-810 is free
1101
Jedi Jedi-178 is free
1098
Jedi Jedi-146 is free
1081
Jedi Jedi-180 is free
1081
Jedi Jedi-108 is free
1078
Jedi Jedi-94 is free
1077
Jedi Jedi-997 is free
1076
Jedi Jedi-1058 is free
1067
Jedi Jedi-309 is free
1061
Jedi Jedi-118 is free
1054
Jedi Jedi-412 is free
1053
Jedi Jedi-67 is killed by Sith-77
1051
Jedi Jedi-170 is free
1051
Jedi Jedi-816 is free
1051
Jedi Jedi-812 is free
1050
Jedi Jedi-101 is free
1048
Jedi Jedi-308 is free
1041
Jedi Jedi-799 is free
1038
Jedi Jedi-613 is free
1037
Jedi Jedi-728 is free
1035
Jedi Jedi-560 is free
1034
Jedi Jedi-260 is free
1030
Jedi Jedi-390 is free
1029
Jedi Jedi-661 is free
1025
Jedi Jedi-725 is free
1023
Jedi Jedi-405 is free
1019
Jedi Jedi-590 is free
1018
Jedi Jedi-492 is free
1015
Jedi Jedi-790 is free
1015
Jedi Jedi-576 is free
1010
Jedi Jedi-746 is free
1010
Sith Sith-30 is free
1006
Jedi Jedi-846 is free
1000
Jedi Jedi-603 is free
998
Jedi Jedi-153 is free
997
Jedi Jedi-465 is free
997
Jedi Jedi-109 is free
994
Jedi Jedi-1052 is free
993
Jedi Jedi-91 is free
977
Jedi Jedi-71 is killed by Jedi-69
976
Jedi Jedi-18 is killed by Sith-2
975
Jedi Jedi-355 is free
968
Jedi Jedi-894 is free
968
Jedi Jedi-70 is killed by Jedi-69
965
Jedi Jedi-750 is free
963
Jedi Jedi-1016 is free
961
Jedi Jedi-811 is free
956
Jedi Jedi-867 is free
951
Jedi Jedi-1014 is free
946
Jedi Jedi-224 is free
944
Jedi Jedi-447 is free
943
Jedi Jedi-121 is free
940
Jedi Jedi-607 is free
940
Jedi Jedi-808 is free
939
Jedi Jedi-430 is free
931
Jedi Jedi-948 is free
930
Jedi Jedi-737 is free
928
Jedi Jedi-206 is free
925
Jedi Jedi-52 is killed by Sith-2
924
Jedi Jedi-213 is free
924
Jedi Jedi-791 is free
922
Jedi Jedi-148 is free
921
Jedi Jedi-710 is free
920
Jedi Jedi-233 is free
918
Jedi Jedi-24 is killed by Jedi-25
914
Jedi Jedi-249 is free
914
Jedi Jedi-282 is free
913
Jedi Jedi-284 is free
910
Jedi Jedi-826 is free
908
Sith Sith-33 is in Destroyer-10
907
Jedi Jedi-307 is free
906
Jedi Jedi-905 is free
905
Jedi Jedi-281 is free
901
Jedi Jedi-19 is killed by Sith-2
899
Jedi Jedi-371 is free
897
Jedi Jedi-849 is free
896
Jedi Jedi-359 is free
895
Jedi Jedi-401 is free
894
Jedi Jedi-882 is free
894
Jedi Jedi-1037 is free
893
Jedi Jedi-124 is free
891
Jedi Jedi-497 is free
886
Jedi Jedi-364 is free
876
Jedi Jedi-817 is free
876
Jedi Jedi-503 is free
871
Jedi Jedi-804 is free
869
Jedi Jedi-889 is free
864
Sith Sith-29 is free
863
Jedi Jedi-712 is free
862
Jedi Jedi-670 is free
860
Jedi Jedi-775 is free
856
Jedi Jedi-897 is free
851
Jedi Jedi-636 is free
850
Jedi Jedi-122 is free
848
Jedi Jedi-1076 is free
846
Jedi Jedi-245 is free
844
Jedi Jedi-1069 is free
844
Jedi Jedi-761 is free
835
Jedi Jedi-9 is free
829
Jedi Jedi-641 is free
829
Jedi Jedi-499 is killed by Sith-77
827
Jedi Jedi-358 is free
825
Jedi Jedi-949 is free
825
Jedi Jedi-951 is free
824
Jedi Jedi-683 is free
823
Jedi Jedi-813 is free
821
Jedi Jedi-288 is free
818
Jedi Jedi-581 is free
818
Jedi Jedi-644 is free
816
Jedi Jedi-201 is free
815
Jedi Jedi-416 is free
815
Jedi Jedi-700 is free
815
Jedi Jedi-836 is free
813
Jedi Jedi-160 is free
811
Jedi Jedi-22 is killed by Jedi-25
808
Jedi Jedi-23 is killed by Jedi-25
805
Jedi Jedi-484 is free
805
Jedi Jedi-473 is free
803
Jedi Jedi-987 is free
800
Jedi Jedi-65 is killed by Sith-15
798
Jedi Jedi-663 is free
789
Jedi Jedi-835 is free
782
Jedi Jedi-921 is free
782
Jedi Jedi-183 is free
781
Jedi Jedi-262 is free
780
Jedi Jedi-850 is free
779
Jedi Jedi-354 is free
777
Jedi Jedi-1026 is free
777
Jedi Jedi-691 is free
761
Sith Sith-41 is in Destroyer-12
759
Jedi Jedi-557 is free
759
Jedi Jedi-944 is free
755
Jedi Jedi-911 is free
754
Jedi Jedi-910 is free
753
Jedi Jedi-199 is free
751
Jedi Jedi-566 is free
750
Jedi Jedi-400 is free
749
Jedi Jedi-843 is free
745
Jedi Jedi-753 is free
743
Jedi Jedi-161 is free
741
Jedi Jedi-222 is free
738
Jedi Jedi-439 is free
735
Jedi Jedi-250 is free
731
Sith Sith-26 is killed by Jedi-47
722
Jedi Jedi-525 is free
719
Jedi Jedi-902 is free
719
Jedi Jedi-620 is free
711
Jedi Jedi-870 is free
709
Jedi Jedi-3 is killed by Sith-34
706
Jedi Jedi-205 is free
705
Jedi Jedi-493 is free
703
Jedi Jedi-883 is free
700
Jedi Jedi-168 is free
696
Jedi Jedi-832 is free
691
Jedi Jedi-881 is free
689
Jedi Jedi-595 is free
687
Jedi Jedi-606 is free
685
Jedi Jedi-868 is free
683
Jedi Jedi-263 is free
682
Jedi Jedi-509 is free
682
Jedi Jedi-635 is free
682
Jedi Jedi-1019 is free
679
Jedi Jedi-68 is killed by Sith-77
676
Jedi Jedi-785 is free
670
Jedi Jedi-1015 is free
670
Jedi Jedi-866 is free
668
Jedi Jedi-279 is free
666
Jedi Jedi-719 is free
665
Jedi Jedi-267 is free
661
Jedi Jedi-930 is free
661
Jedi Jedi-1007 is free
661
Jedi Jedi-669 is free
660
Jedi Jedi-1077 is free
659
Sith Sith-44 is in Destroyer-12
658
Jedi Jedi-678 is free
657
Jedi Jedi-449 is free
656
Jedi Jedi-165 is free
648
Jedi Jedi-736 is free
647
Jedi Jedi-598 is free
646
Sith Sith-11 is killed by Jedi-4
645
Jedi Jedi-940 is free
644
Jedi Jedi-86 is free
630
Jedi Jedi-589 is free
629
Jedi Jedi-1046 is free
621
Sith Sith-79 is in Destroyer-20
620
Jedi Jedi-501 is free
619
Jedi Jedi-971 is free
616
Jedi Jedi-1034 is free
608
Jedi Jedi-570 is free
599
Jedi Jedi-277 is free
598
Jedi Jedi-561 is free
597
Sith Sith-76 is in Destroyer-20
594
Jedi Jedi-936 is free
590
Jedi Jedi-136 is free
589
Jedi Jedi-335 is free
589
Jedi Jedi-593 is free
584
Jedi Jedi-991 is free
581
Sith Sith-40 is in Destroyer-12
579
Jedi Jedi-454 is free
571
Jedi Jedi-551 is free
568
Sith Sith-43 is in Destroyer-12
563
Jedi Jedi-959 is free
555
Jedi Jedi-269 is free
553
Jedi Jedi-120 is free
549
Jedi Jedi-479 is free
543
Jedi Jedi-1036 is free
533
Jedi Jedi-981 is free
532
Sith Sith-73 is in Destroyer-19
530
Jedi Jedi-410 is free
528
Jedi Jedi-998 is free
526
Jedi Jedi-340 is free
523
Jedi Jedi-760 is free
522
Jedi Jedi-158 is free
517
Jedi Jedi-475 is free
509
Sith Sith-80 is in Destroyer-20
504
Jedi Jedi-854 is free
504
Jedi Jedi-210 is free
503
Jedi Jedi-726 is free
502
Jedi Jedi-1024 is free
496
Sith Sith-1 is in Destroyer-1
488
Jedi Jedi-675 is free
488
Jedi Jedi-563 is free
486
Jedi Jedi-615 is free
486
Jedi Jedi-773 is free
486
Jedi Jedi-382 is free
481
Jedi Jedi-1027 is free
480
Jedi Jedi-66 is killed by Jedi-65
478
Jedi Jedi-558 is free
477
Jedi Jedi-934 is free
474
Jedi Jedi-149 is free
470
Jedi Jedi-970 is free
470
Jedi Jedi-370 is free
469
Jedi Jedi-495 is free
469
Jedi Jedi-523 is free
466
Jedi Jedi-152 is free
464
Jedi Jedi-17 is killed by Sith-2
461
Jedi Jedi-215 is free
461
Jedi Jedi-406 is free
460
Jedi Jedi-1000 is free
459
Jedi Jedi-35 is killed by Sith-77
453
Jedi Jedi-402 is free
449
Jedi Jedi-1013 is free
444
Jedi Jedi-235 is free
443
Jedi Jedi-83 is free
440
Jedi Jedi-88 is free
440
Jedi Jedi-863 is free
436
Jedi Jedi-1021 is free
435
Jedi Jedi-565 is free
432
Jedi Jedi-481 is free
430
Jedi Jedi-102 is free
429
Sith Sith-42 is in Destroyer-12
423
Jedi Jedi-634 is free
412
Jedi Jedi-182 is free
411
Jedi Jedi-429 is free
409
Jedi Jedi-491 is free
404
Jedi Jedi-181 is free
403
Jedi Jedi-1074 is free
402
Jedi Jedi-642 is free
398
Jedi Jedi-119 is free
397
Jedi Jedi-82 is free
394
Jedi Jedi-996 is free
391
Jedi Jedi-1044 is free
390
Sith Sith-16 is killed by Jedi-67
385
Jedi Jedi-485 is free
383
Sith Sith-27 is killed by Jedi-47
379
Jedi Jedi-1030 is free
373
Jedi Jedi-451 is free
372
Jedi Jedi-672 is free
372
Jedi Jedi-1042 is free
372
Jedi Jedi-687 is free
359
Jedi Jedi-1038 is free
356
Jedi Jedi-296 is free
354
Jedi Jedi-529 is free
354
Jedi Jedi-671 is free
354
Jedi Jedi-237 is free
350
Jedi Jedi-537 is free
350
Jedi Jedi-89 is free
349
Jedi Jedi-111 is free
342
Jedi Jedi-873 is free
339
Jedi Jedi-680 is free
328
Jedi Jedi-771 is free
327
Jedi Jedi-515 is free
322
Jedi Jedi-520 is free
319
Jedi Jedi-721 is free
319
Jedi Jedi-472 is free
314
Jedi Jedi-225 is free
309
Jedi Jedi-228 is free
307
Jedi Jedi-999 is free
307
Jedi Jedi-463 is free
306
Jedi Jedi-772 is free
305
Jedi Jedi-486 is killed by Sith-34
297
Jedi Jedi-516 is free
297
Jedi Jedi-177 is free
296
Jedi Jedi-681 is free
288
Jedi Jedi-200 is free
280
Jedi Jedi-48 is in Cruiser-13
275
Jedi Jedi-1080 is free
270
Jedi Jedi-717 is free
268
Jedi Jedi-892 is free
257
Jedi Jedi-1071 is free
248
Jedi Jedi-380 is free
236
Jedi Jedi-722 is free
235
Jedi Jedi-818 is free
225
Jedi Jedi-941 is free
221
Jedi Jedi-232 is free
220
Jedi Jedi-299 is free
211
Jedi Jedi-1067 is free
210
Jedi Jedi-49 is in Cruiser-13
202
Jedi Jedi-166 is free
202
Jedi Jedi-363 is free
197
Jedi Jedi-498 is free
178
Jedi Jedi-145 is free
176
Jedi Jedi-341 is free
173
Jedi Jedi-582 is free
164
Jedi Jedi-960 is free
162
Sith Sith-72 is in Destroyer-19
158
Jedi Jedi-369 is free
146
Jedi Jedi-977 is free
132
Jedi Jedi-141 is free
104
Officer Officer-32 is imprisoned
COMMAND 10
Officer Officer-62 is killed by Sith-34
ENGINEERING 10
Officer Officer-81 is in Destroyer-20
PILOTING 10
Officer Officer-90 is free
TACTICAL 10
Officer Officer-96 is free
ENGINEERING 10
Officer Officer-98 is free
COMMAND 10
Officer Officer-116 is free
ENGINEERING 10
Officer Officer-126 is free
PILOTING 10
Officer Officer-135 is free
GUNNERY 10
Officer Officer-142 is free
TACTICAL 10
Officer Officer-147 is free
TACTICAL 10
Officer Officer-155 is free
COMMAND 10
Officer Officer-156 is free
ENGINEERING 10
Officer Officer-169 is free
COMMAND 10
Officer Officer-208 is free
ENGINEERING 10
Officer Officer-212 is free
ENGINEERING 10
Officer Officer-214 is free
GUNNERY 10
Officer Officer-216 is free
GUNNERY 10
Officer Officer-239 is free
GUNNERY 10
Officer Officer-246 is free
COMMAND 10
Officer Officer-259 is free
TACTICAL 10
Officer Officer-270 is free
ENGINEERING 10
Officer Officer-292 is free
TACTICAL 10
Officer Officer-316 is free
ENGINEERING 10
Officer Officer-323 is free
GUNNERY 10
Officer Officer-338 is free
COMMAND 10
Officer Officer-343 is free
COMMAND 10
Officer Officer-347 is free
COMMAND 10
Officer Officer-351 is free
TACTICAL 10
Officer Officer-366 is free
COMMAND 10
Officer Officer-379 is free
COMMAND 10
Officer Officer-393 is free
COMMAND 10
Officer Officer-398 is free
TACTICAL 10
Officer Officer-404 is free
TACTICAL 10
Officer Officer-420 is free
COMMAND 10
Officer Officer-468 is free
COMMAND 10
Officer Officer-512 is free
ENGINEERING 10
Officer Officer-518 is free
COMMAND 10
Officer Officer-524 is free
COMMAND 10
Officer Officer-534 is free
PILOTING 10
Officer Officer-538 is free
PILOTING 10
Officer Officer-545 is in Destroyer-19
TACTICAL 10
Officer Officer-586 is free
GUNNERY 10
Officer Officer-599 is free
COMMAND 10
Officer Officer-611 is free
COMMAND 10
Officer Officer-617 is free
COMMAND 10
Officer Officer-628 is free
GUNNERY 10
Officer Officer-639 is free
GUNNERY 10
Officer Officer-657 is free
COMMAND 10
Officer Officer-666 is free
TACTICAL 10
Officer Officer-668 is free
GUNNERY 10
Officer Officer-690 is free
TACTICAL 10
Officer Officer-704 is free
COMMAND 10
Officer Officer-715 is free
PILOTING 10
Officer Officer-734 is free
TACTICAL 10
Officer Officer-749 is free
PILOTING 10
Officer Officer-782 is free
ENGINEERING 10
Officer Officer-788 is free
GUNNERY 10
Officer Officer-829 is free
ENGINEERING 10
Officer Officer-834 is free
PILOTING 10
Officer Officer-842 is free
PILOTING 10
Officer Officer-859 is free
GUNNERY 10
Officer Officer-864 is free
GUNNERY 10
Officer Officer-884 is free
TACTICAL 10
Officer Officer-885 is free
PILOTING 10
Officer Officer-913 is free
PILOTING 10
Officer Officer-918 is free
PILOTING 10
Officer Officer-919 is free
ENGINEERING 10
Officer Officer-925 is free
PILOTING 10
Officer Officer-926 is free
GUNNERY 10
Officer Officer-932 is in Destroyer-20
GUNNERY 10
Officer Officer-935 is free
PILOTING 10
Officer Officer-937 is free
GUNNERY 10
Officer Officer-938 is free
ENGINEERING 10
Officer Officer-945 is in Destroyer-19
COMMAND 10
Officer Officer-956 is free
ENGINEERING 10
Officer Officer-957 is free
COMMAND 10
Officer Officer-964 is free
ENGINEERING 10
Officer Officer-985 is free
COMMAND 10
Officer Officer-988 is free
ENGINEERING 10
Officer Officer-1012 is free
PILOTING 10
Officer Officer-1043 is free
COMMAND 10
Officer Officer-1061 is free
TACTICAL 10
Officer Officer-1078 is free
COMMAND 10
Officer Officer-31 is imprisoned
GUNNERY 9
Officer Officer-99 is free
COMMAND 9
Officer Officer-107 is free
GUNNERY 9
Officer Officer-114 is free
GUNNERY 9
Officer Officer-117 is free
GUNNERY 9
Officer Officer-127 is free
ENGINEERING 9
Officer Officer-129 is free
GUNNERY 9
Officer Officer-139 is free
COMMAND 9
Officer Officer-159 is free
TACTICAL 9
Officer Officer-171 is free
PILOTING 9
Officer Officer-185 is free
PILOTING 9
Officer Officer-248 is free
GUNNERY 9
Officer Officer-252 is free
PILOTING 9
Officer Officer-254 is free
COMMAND 9
Officer Officer-257 is free
PILOTING 9
Officer Officer-268 is free
COMMAND 9
Officer Officer-278 is free
ENGINEERING 9
Officer Officer-310 is free
GUNNERY 9
Officer Officer-324 is free
ENGINEERING 9
Officer Officer-327 is free
ENGINEERING 9
Officer Officer-328 is free
ENGINEERING 9
Officer Officer-329 is free
TACTICAL 9
Officer Officer-331 is free
COMMAND 9
Officer Officer-334 is free
COMMAND 9
Officer Officer-337 is free
TACTICAL 9
Officer Officer-362 is killed by Jedi-25
GUNNERY 9
Officer Officer-384 is free
TACTICAL 9
Officer Officer-394 is free
TACTICAL 9
Officer Officer-396 is free
GUNNERY 9
Officer Officer-413 is free
PILOTING 9
Officer Officer-448 is free
COMMAND 9
Officer Officer-453 is free
GUNNERY 9
Officer Officer-462 is free
COMMAND 9
Officer Officer-474 is free
COMMAND 9
Officer Officer-510 is free
TACTICAL 9
Officer Officer-521 is free
ENGINEERING 9
Officer Officer-535 is free
PILOTING 9
Officer Officer-540 is free
TACTICAL 9
Officer Officer-562 is free
PILOTING 9
Officer Officer-596 is free
GUNNERY 9
Officer Officer-604 is free
PILOTING 9
Officer Officer-624 is free
GUNNERY 9
Officer Officer-626 is free
GUNNERY 9
Officer Officer-637 is free
GUNNERY 9
Officer Officer-643 is free
ENGINEERING 9
Officer Officer-667 is free
COMMAND 9
Officer Officer-703 is free
GUNNERY 9
Officer Officer-708 is free
PILOTING 9
Officer Officer-711 is free
PILOTING 9
Officer Officer-723 is free
COMMAND 9
Officer Officer-724 is free
COMMAND 9
Officer Officer-741 is free
COMMAND 9
Officer Officer-745 is free
PILOTING 9
Officer Officer-755 is free
PILOTING 9
Officer Officer-764 is free
TACTICAL 9
Officer Officer-779 is free
PILOTING 9
Officer Officer-789 is free
TACTICAL 9
Officer Officer-793 is free
GUNNERY 9
Officer Officer-806 is free
GUNNERY 9
Officer Officer-815 is free
GUNNERY 9
Officer Officer-837 is free
GUNNERY 9
Officer Officer-839 is free
TACTICAL 9
Officer Officer-852 is free
ENGINEERING 9
Officer Officer-856 is free
TACTICAL 9
Officer Officer-860 is free
GUNNERY 9
Officer Officer-862 is free
GUNNERY 9
Officer Officer-865 is free
PILOTING 9
Officer Officer-876 is free
COMMAND 9
Officer Officer-888 is free
TACTICAL 9
Officer Officer-898 is free
PILOTING 9
Officer Officer-929 is free
ENGINEERING 9
Officer Officer-975 is free
ENGINEERING 9
Officer Officer-989 is free
TACTICAL 9
Officer Officer-1022 is free
TACTICAL 9
Officer Officer-1035 is free
COMMAND 9
Officer Officer-1072 is free
ENGINEERING 9
Officer Officer-6 is killed by Sith-34
COMMAND 8
Officer Officer-12 is imprisoned
GUNNERY 8
Officer Officer-21 is killed by Sith-2
TACTICAL 8
Officer Officer-39 is killed by Sith-77
COMMAND 8
Officer Officer-53 is killed by Sith-2
COMMAND 8
Officer Officer-57 is killed by Sith-2
TACTICAL 8
Officer Officer-61 is killed by Sith-34
ENGINEERING 8
Officer Officer-104 is free
COMMAND 8
Officer Officer-123 is free
TACTICAL 8
Officer Officer-131 is in Destroyer-1
COMMAND 8
Officer Officer-132 is free
PILOTING 8
Officer Officer-133 is free
GUNNERY 8
Officer Officer-137 is free
COMMAND 8
Officer Officer-143 is free
TACTICAL 8
Officer Officer-172 is free
GUNNERY 8
Officer Officer-176 is free
PILOTING 8
Officer Officer-186 is free
PILOTING 8
Officer Officer-188 is free
PILOTING 8
Officer Officer-192 is free
ENGINEERING 8
Officer Officer-203 is free
PILOTING 8
Officer Officer-220 is free
COMMAND 8
Officer Officer-221 is free
COMMAND 8
Officer Officer-230 is free
TACTICAL 8
Officer Officer-241 is free
GUNNERY 8
Officer Officer-272 is free
ENGINEERING 8
Officer Officer-312 is free
GUNNERY 8
Officer Officer-322 is free
COMMAND 8
Officer Officer-373 is free
PILOTING 8
Officer Officer-407 is free
GUNNERY 8
Officer Officer-408 is free
PILOTING 8
Officer Officer-431 is free
ENGINEERING 8
Officer Officer-437 is free
ENGINEERING 8
Officer Officer-450 is free
GUNNERY 8
Officer Officer-460 is free
ENGINEERING 8
Officer Officer-467 is free
COMMAND 8
Officer Officer-482 is free
GUNNERY 8
Officer Officer-483 is free
ENGINEERING 8
Officer Officer-488 is free
TACTICAL 8
Officer Officer-494 is free
GUNNERY 8
Officer Officer-514 is free
ENGINEERING 8
Officer Officer-564 is free
ENGINEERING 8
Officer Officer-588 is free
TACTICAL 8
Officer Officer-601 is free
COMMAND 8
Officer Officer-605 is free
TACTICAL 8
Officer Officer-621 is free
ENGINEERING 8
Officer Officer-630 is free
ENGINEERING 8
Officer Officer-632 is free
ENGINEERING 8
Officer Officer-649 is free
TACTICAL 8
Officer Officer-655 is free
ENGINEERING 8
Officer Officer-662 is free
COMMAND 8
Officer Officer-676 is free
PILOTING 8
Officer Officer-682 is free
TACTICAL 8
Officer Officer-688 is free
TACTICAL 8
Officer Officer-693 is free
PILOTING 8
Officer Officer-699 is free
TACTICAL 8
Officer Officer-701 is free
PILOTING 8
Officer Officer-702 is free
ENGINEERING 8
Officer Officer-731 is free
PILOTING 8
Officer Officer-757 is free
TACTICAL 8
Officer Officer-765 is free
ENGINEERING 8
Officer Officer-769 is free
TACTICAL 8
Officer Officer-777 is free
COMMAND 8
Officer Officer-794 is free
COMMAND 8
Officer Officer-814 is free
PILOTING 8
Officer Officer-822 is free
GUNNERY 8
Officer Officer-828 is free
TACTICAL 8
Officer Officer-831 is free
GUNNERY 8
Officer Officer-841 is free
TACTICAL 8
Officer Officer-855 is free
PILOTING 8
Officer Officer-877 is free
GUNNERY 8
Officer Officer-899 is free
TACTICAL 8
Officer Officer-907 is free
PILOTING 8
Officer Officer-915 is free
COMMAND 8
Officer Officer-931 is free
GUNNERY 8
Officer Officer-955 is free
PILOTING 8
Officer Officer-969 is free
TACTICAL 8
Officer Officer-1053 is free
GUNNERY 8
Officer Officer-1066 is free
TACTICAL 8
Officer Officer-36 is killed by Sith-77
ENGINEERING 7
Officer Officer-50 is in Cruiser-13
COMMAND 7
Officer Officer-64 is killed by Sith-34
COMMAND 7
Officer Officer-93 is free
PILOTING 7
Officer Officer-112 is free
ENGINEERING 7
Officer Officer-150 is free
COMMAND 7
Officer Officer-157 is free
TACTICAL 7
Officer Officer-179 is free
TACTICAL 7
Officer Officer-193 is free
ENGINEERING 7
Officer Officer-194 is free
TACTICAL 7
Officer Officer-211 is free
GUNNERY 7
Officer Officer-231 is free
TACTICAL 7
Officer Officer-266 is free
GUNNERY 7
Officer Officer-291 is free
COMMAND 7
Officer Officer-293 is free
GUNNERY 7
Officer Officer-298 is free
TACTICAL 7
Officer Officer-301 is free
TACTICAL 7
Officer Officer-321 is in Destroyer-5
COMMAND 7
Officer Officer-345 is free
GUNNERY 7
Officer Officer-372 is free
COMMAND 7
Officer Officer-387 is free
TACTICAL 7
Officer Officer-391 is free
ENGINEERING 7
Officer Officer-399 is free
TACTICAL 7
Officer Officer-424 is free
GUNNERY 7
Officer Officer-434 is free
PILOTING 7
Officer Officer-436 is free
PILOTING 7
Officer Officer-487 is free
GUNNERY 7
Officer Officer-504 is free
TACTICAL 7
Officer Officer-522 is free
ENGINEERING 7
Officer Officer-552 is free
COMMAND 7
Officer Officer-568 is free
ENGINEERING 7
Officer Officer-594 is free
GUNNERY 7
Officer Officer-600 is free
TACTICAL 7
Officer Officer-608 is free
PILOTING 7
Officer Officer-612 is free
GUNNERY 7
Officer Officer-627 is free
COMMAND 7
Officer Officer-638 is free
PILOTING 7
Officer Officer-646 is free
TACTICAL 7
Officer Officer-648 is free
ENGINEERING 7
Officer Officer-654 is free
PILOTING 7
Officer Officer-656 is free
COMMAND 7
Officer Officer-658 is free
TACTICAL 7
Officer Officer-716 is free
COMMAND 7
Officer Officer-729 is free
TACTICAL 7
Officer Officer-733 is free
TACTICAL 7
Officer Officer-743 is free
TACTICAL 7
Officer Officer-752 is free
ENGINEERING 7
Officer Officer-754 is free
GUNNERY 7
Officer Officer-768 is free
ENGINEERING 7
Officer Officer-809 is free
COMMAND 7
Officer Officer-891 is free
TACTICAL 7
Officer Officer-893 is free
ENGINEERING 7
Officer Officer-901 is free
GUNNERY 7
Officer Officer-908 is free
TACTICAL 7
Officer Officer-909 is free
COMMAND 7
Officer Officer-916 is free
GUNNERY 7
Officer Officer-924 is free
ENGINEERING 7
Officer Officer-933 is free
COMMAND 7
Officer Officer-939 is free
PILOTING 7
Officer Officer-954 is free
PILOTING 7
Officer Officer-961 is free
ENGINEERING 7
Officer Officer-962 is free
GUNNERY 7
Officer Officer-967 is free
GUNNERY 7
Officer Officer-984 is free
COMMAND 7
Officer Officer-995 is free
TACTICAL 7
Officer Officer-1001 is free
ENGINEERING 7
Officer Officer-1004 is free
ENGINEERING 7
Officer Officer-1010 is free
PILOTING 7
Officer Officer-1029 is free
GUNNERY 7
Officer Officer-1040 is free
TACTICAL 7
Officer Officer-1045 is free
GUNNERY 7
Officer Officer-1064 is free
GUNNERY 7
Officer Officer-1079 is free
TACTICAL 7
Officer Officer-5 is killed by Sith-34
TACTICAL 6
Officer Officer-85 is free
PILOTING 6
Officer Officer-110 is free
GUNNERY 6
Officer Officer-130 is free
TACTICAL 6
Officer Officer-154 is free
PILOTING 6
Officer Officer-173 is free
ENGINEERING 6
Officer Officer-217 is free
TACTICAL 6
Officer Officer-256 is free
TACTICAL 6
Officer Officer-290 is free
PILOTING 6
Officer Officer-313 is free
COMMAND 6
Officer Officer-325 is free
COMMAND 6
Officer Officer-333 is free
COMMAND 6
Officer Officer-339 is free
GUNNERY 6
Officer Officer-349 is free
COMMAND 6
Officer Officer-367 is free
TACTICAL 6
Officer Officer-438 is in Cruiser-3
PILOTING 6
Officer Officer-478 is free
ENGINEERING 6
Officer Officer-505 is free
TACTICAL 6
Officer Officer-530 is free
COMMAND 6
Officer Officer-533 is free
PILOTING 6
Officer Officer-546 is free
ENGINEERING 6
Officer Officer-555 is free
ENGINEERING 6
Officer Officer-569 is free
TACTICAL 6
Officer Officer-572 is free
ENGINEERING 6
Officer Officer-587 is free
PILOTING 6
Officer Officer-610 is free
GUNNERY 6
Officer Officer-640 is free
TACTICAL 6
Officer Officer-647 is free
COMMAND 6
Officer Officer-653 is free
COMMAND 6
Officer Officer-660 is free
ENGINEERING 6
Officer Officer-664 is free
COMMAND 6
Officer Officer-684 is free
COMMAND 6
Officer Officer-695 is free
TACTICAL 6
Officer Officer-706 is free
PILOTING 6
Officer Officer-707 is free
PILOTING 6
Officer Officer-720 is free
PILOTING 6
Officer Officer-747 is free
PILOTING 6
Officer Officer-748 is free
COMMAND 6
Officer Officer-756 is free
GUNNERY 6
Officer Officer-766 is free
GUNNERY 6
Officer Officer-767 is free
PILOTING 6
Officer Officer-792 is free
COMMAND 6
Officer Officer-798 is free
TACTICAL 6
Officer Officer-824 is free
PILOTING 6
Officer Officer-853 is free
COMMAND 6
Officer Officer-857 is free
GUNNERY 6
Officer Officer-861 is free
GUNNERY 6
Officer Officer-869 is free
GUNNERY 6
Officer Officer-886 is free
ENGINEERING 6
Officer Officer-900 is free
ENGINEERING 6
Officer Officer-922 is free
COMMAND 6
Officer Officer-963 is free
TACTICAL 6
Officer Officer-1008 is in Destroyer-19
GUNNERY 6
Officer Officer-1051 is free
TACTICAL 6
Officer Officer-1059 is free
PILOTING 6
Officer Officer-1063 is free
PILOTING 6
Officer Officer-10 is in Cruiser-3
COMMAND 5
Officer Officer-37 is killed by Sith-77
PILOTING 5
Officer Officer-54 is killed by Sith-2
ENGINEERING 5
Officer Officer-75 is in Destroyer-19
PILOTING 5
Officer Officer-138 is free
PILOTING 5
Officer Officer-187 is free
TACTICAL 5
Officer Officer-209 is free
ENGINEERING 5
Officer Officer-218 is in Cruiser-13
COMMAND 5
Officer Officer-271 is free
ENGINEERING 5
Officer Officer-275 is free
GUNNERY 5
Officer Officer-276 is free
COMMAND 5
Officer Officer-286 is free
COMMAND 5
Officer Officer-348 is free
GUNNERY 5
Officer Officer-360 is free
TACTICAL 5
Officer Officer-386 is free
ENGINEERING 5
Officer Officer-414 is free
GUNNERY 5
Officer Officer-422 is free
GUNNERY 5
Officer Officer-428 is free
TACTICAL 5
Officer Officer-440 is free
TACTICAL 5
Officer Officer-445 is free
TACTICAL 5
Officer Officer-461 is free
GUNNERY 5
Officer Officer-469 is free
COMMAND 5
Officer Officer-496 is free
COMMAND 5
Officer Officer-536 is free
TACTICAL 5
Officer Officer-567 is free
COMMAND 5
Officer Officer-577 is free
ENGINEERING 5
Officer Officer-579 is free
PILOTING 5
Officer Officer-597 is free
PILOTING 5
Officer Officer-622 is free
COMMAND 5
Officer Officer-651 is free
PILOTING 5
Officer Officer-689 is free
ENGINEERING 5
Officer Officer-694 is free
TACTICAL 5
Officer Officer-697 is free
PILOTING 5
Officer Officer-727 is free
COMMAND 5
Officer Officer-735 is free
ENGINEERING 5
Officer Officer-738 is free
GUNNERY 5
Officer Officer-739 is free
COMMAND 5
Officer Officer-787 is free
ENGINEERING 5
Officer Officer-827 is free
GUNNERY 5
Officer Officer-838 is free
ENGINEERING 5
Officer Officer-858 is free
TACTICAL 5
Officer Officer-872 is free
PILOTING 5
Officer Officer-947 is free
TACTICAL 5
Officer Officer-966 is free
COMMAND 5
Officer Officer-982 is free
TACTICAL 5
Officer Officer-986 is free
PILOTING 5
Officer Officer-990 is free
PILOTING 5
Officer Officer-992 is free
GUNNERY 5
Officer Officer-994 is in Cruiser-13
PILOTING 5
Officer Officer-1011 is free
TACTICAL 5
Officer Officer-1018 is free
TACTICAL 5
Officer Officer-1041 is free
COMMAND 5
Officer Officer-1050 is in Destroyer-20
TACTICAL 5
Officer Officer-60 is killed by Sith-34
COMMAND 4
Officer Officer-63 is killed by Sith-34
PILOTING 4
Officer Officer-95 is free
PILOTING 4
Officer Officer-115 is free
GUNNERY 4
Officer Officer-128 is free
COMMAND 4
Officer Officer-140 is free
TACTICAL 4
Officer Officer-151 is free
PILOTING 4
Officer Officer-191 is free
PILOTING 4
Officer Officer-207 is free
GUNNERY 4
Officer Officer-223 is free
ENGINEERING 4
Officer Officer-240 is free
TACTICAL 4
Officer Officer-255 is free
COMMAND 4
Officer Officer-274 is in Destroyer-5
GUNNERY 4
Officer Officer-297 is free
PILOTING 4
Officer Officer-303 is free
PILOTING 4
Officer Officer-304 is free
PILOTING 4
Officer Officer-342 is free
ENGINEERING 4
Officer Officer-344 is free
ENGINEERING 4
Officer Officer-365 is free
COMMAND 4
Officer Officer-368 is free
COMMAND 4
Officer Officer-377 is free
ENGINEERING 4
Officer Officer-383 is free
ENGINEERING 4
Officer Officer-388 is in Destroyer-1
ENGINEERING 4
Officer Officer-395 is in Destroyer-1
PILOTING 4
Officer Officer-456 is free
ENGINEERING 4
Officer Officer-464 is free
COMMAND 4
Officer Officer-507 is free
GUNNERY 4
Officer Officer-517 is free
TACTICAL 4
Officer Officer-532 is free
TACTICAL 4
Officer Officer-539 is free
GUNNERY 4
Officer Officer-554 is free
COMMAND 4
Officer Officer-580 is free
TACTICAL 4
Officer Officer-583 is free
COMMAND 4
Officer Officer-614 is free
ENGINEERING 4
Officer Officer-629 is free
GUNNERY 4
Officer Officer-645 is free
COMMAND 4
Officer Officer-650 is free
COMMAND 4
Officer Officer-713 is free
PILOTING 4
Officer Officer-751 is free
COMMAND 4
Officer Officer-795 is free
PILOTING 4
Officer Officer-796 is free
COMMAND 4
Officer Officer-800 is free
ENGINEERING 4
Officer Officer-801 is free
COMMAND 4
Officer Officer-802 is free
COMMAND 4
Officer Officer-803 is free
TACTICAL 4
Officer Officer-807 is free
TACTICAL 4
Officer Officer-830 is free
COMMAND 4
Officer Officer-844 is free
PILOTING 4
Officer Officer-871 is free
PILOTING 4
Officer Officer-874 is free
COMMAND 4
Officer Officer-879 is free
TACTICAL 4
Officer Officer-927 is free
TACTICAL 4
Officer Officer-946 is free
COMMAND 4
Officer Officer-952 is free
TACTICAL 4
Officer Officer-974 is free
ENGINEERING 4
Officer Officer-1009 is free
COMMAND 4
Officer Officer-1047 is free
COMMAND 4
Officer Officer-1048 is in Destroyer-12
PILOTING 4
Officer Officer-1062 is free
PILOTING 4
Officer Officer-1073 is free
GUNNERY 4
Officer Officer-1081 is free
COMMAND 4
Officer Officer-14 is imprisoned
COMMAND 3
Officer Officer-20 is killed by Sith-2
PILOTING 3
Officer Officer-51 is in Cruiser-13
PILOTING 3
Officer Officer-56 is killed by Sith-2
ENGINEERING 3
Officer Officer-92 is free
PILOTING 3
Officer Officer-100 is free
COMMAND 3
Officer Officer-103 is free
GUNNERY 3
Officer Officer-113 is free
GUNNERY 3
Officer Officer-164 is free
COMMAND 3
Officer Officer-196 is free
TACTICAL 3
Officer Officer-202 is free
PILOTING 3
Officer Officer-236 is free
TACTICAL 3
Officer Officer-244 is free
GUNNERY 3
Officer Officer-264 is free
TACTICAL 3
Officer Officer-285 is free
PILOTING 3
Officer Officer-287 is killed by Sith-2
TACTICAL 3
Officer Officer-302 is free
TACTICAL 3
Officer Officer-317 is free
COMMAND 3
Officer Officer-319 is free
COMMAND 3
Officer Officer-320 is free
TACTICAL 3
Officer Officer-326 is free
ENGINEERING 3
Officer Officer-330 is free
GUNNERY 3
Officer Officer-350 is free
ENGINEERING 3
Officer Officer-356 is free
TACTICAL 3
Officer Officer-374 is free
TACTICAL 3
Officer Officer-415 is free
TACTICAL 3
Officer Officer-417 is free
GUNNERY 3
Officer Officer-421 is free
GUNNERY 3
Officer Officer-423 is free
TACTICAL 3
Officer Officer-425 is free
COMMAND 3
Officer Officer-432 is free
ENGINEERING 3
Officer Officer-433 is free
PILOTING 3
Officer Officer-444 is free
TACTICAL 3
Officer Officer-476 is free
ENGINEERING 3
Officer Officer-480 is free
ENGINEERING 3
Officer Officer-489 is free
TACTICAL 3
Officer Officer-490 is free
COMMAND 3
Officer Officer-508 is free
TACTICAL 3
Officer Officer-527 is free
PILOTING 3
Officer Officer-544 is free
COMMAND 3
Officer Officer-548 is free
PILOTING 3
Officer Officer-550 is free
ENGINEERING 3
Officer Officer-584 is free
ENGINEERING 3
Officer Officer-618 is free
PILOTING 3
Officer Officer-623 is free
COMMAND 3
Officer Officer-625 is free
GUNNERY 3
Officer Officer-633 is free
TACTICAL 3
Officer Officer-677 is free
PILOTING 3
Officer Officer-696 is free
PILOTING 3
Officer Officer-718 is free
TACTICAL 3
Officer Officer-732 is free
PILOTING 3
Officer Officer-778 is free
ENGINEERING 3
Officer Officer-781 is free
COMMAND 3
Officer Officer-786 is free
ENGINEERING 3
Officer Officer-851 is in Destroyer-5
PILOTING 3
Officer Officer-896 is free
PILOTING 3
Officer Officer-903 is free
PILOTING 3
Officer Officer-904 is free
ENGINEERING 3
Officer Officer-914 is free
COMMAND 3
Officer Officer-917 is killed by Sith-34
PILOTING 3
Officer Officer-920 is free
PILOTING 3
Officer Officer-953 is free
ENGINEERING 3
Officer Officer-965 is free
GUNNERY 3
Officer Officer-978 is free
GUNNERY 3
Officer Officer-1017 is free
PILOTING 3
Officer Officer-1023 is free
PILOTING 3
Officer Officer-1039 is free
COMMAND 3
Officer Officer-1049 is free
GUNNERY 3
Officer Officer-1054 is free
GUNNERY 3
Officer Officer-1057 is free
ENGINEERING 3
Officer Officer-1060 is free
PILOTING 3
Officer Officer-1068 is free
GUNNERY 3
Officer Officer-13 is imprisoned
ENGINEERING 2
Officer Officer-38 is killed by Sith-77
ENGINEERING 2
Officer Officer-84 is in Cruiser-13
ENGINEERING 2
Officer Officer-87 is free
COMMAND 2
Officer Officer-97 is free
TACTICAL 2
Officer Officer-125 is free
PILOTING 2
Officer Officer-163 is free
COMMAND 2
Officer Officer-167 is free
PILOTING 2
Officer Officer-189 is free
GUNNERY 2
Officer Officer-197 is free
PILOTING 2
Officer Officer-204 is free
ENGINEERING 2
Officer Officer-219 is free
GUNNERY 2
Officer Officer-226 is free
COMMAND 2
Officer Officer-227 is free
TACTICAL 2
Officer Officer-242 is free
PILOTING 2
Officer Officer-247 is free
GUNNERY 2
Officer Officer-251 is free
ENGINEERING 2
Officer Officer-258 is free
ENGINEERING 2
Officer Officer-311 is free
COMMAND 2
Officer Officer-314 is free
ENGINEERING 2
Officer Officer-332 is free
COMMAND 2
Officer Officer-336 is free
PILOTING 2
Officer Officer-361 is free
GUNNERY 2
Officer Officer-376 is free
TACTICAL 2
Officer Officer-381 is free
TACTICAL 2
Officer Officer-385 is free
TACTICAL 2
Officer Officer-389 is free
GUNNERY 2
Officer Officer-426 is free
GUNNERY 2
Officer Officer-427 is free
PILOTING 2
Officer Officer-442 is free
PILOTING 2
Officer Officer-455 is free
ENGINEERING 2
Officer Officer-458 is free
ENGINEERING 2
Officer Officer-477 is free
ENGINEERING 2
Officer Officer-502 is free
TACTICAL 2
Officer Officer-506 is free
PILOTING 2
Officer Officer-511 is free
ENGINEERING 2
Officer Officer-542 is free
ENGINEERING 2
Officer Officer-549 is free
GUNNERY 2
Officer Officer-556 is free
ENGINEERING 2
Officer Officer-573 is free
TACTICAL 2
Officer Officer-575 is free
COMMAND 2
Officer Officer-578 is free
GUNNERY 2
Officer Officer-592 is free
PILOTING 2
Officer Officer-652 is free
PILOTING 2
Officer Officer-665 is free
PILOTING 2
Officer Officer-674 is free
PILOTING 2
Officer Officer-679 is free
ENGINEERING 2
Officer Officer-714 is free
ENGINEERING 2
Officer Officer-740 is in Destroyer-5
COMMAND 2
Officer Officer-744 is free
PILOTING 2
Officer Officer-759 is free
PILOTING 2
Officer Officer-774 is free
PILOTING 2
Officer Officer-776 is free
COMMAND 2
Officer Officer-780 is free
TACTICAL 2
Officer Officer-784 is free
PILOTING 2
Officer Officer-797 is free
COMMAND 2
Officer Officer-820 is free
TACTICAL 2
Officer Officer-823 is free
COMMAND 2
Officer Officer-848 is free
TACTICAL 2
Officer Officer-887 is free
GUNNERY 2
Officer Officer-906 is free
TACTICAL 2
Officer Officer-912 is free
ENGINEERING 2
Officer Officer-928 is free
PILOTING 2
Officer Officer-942 is free
TACTICAL 2
Officer Officer-950 is free
ENGINEERING 2
Officer Officer-972 is free
ENGINEERING 2
Officer Officer-976 is free
COMMAND 2
Officer Officer-980 is free
PILOTING 2
Officer Officer-983 is free
PILOTING 2
Officer Officer-1002 is free
TACTICAL 2
Officer Officer-1005 is free
ENGINEERING 2
Officer Officer-1025 is free
GUNNERY 2
Officer Officer-1028 is free
COMMAND 2
Officer Officer-1031 is free
TACTICAL 2
Officer Officer-1032 is free
PILOTING 2
Officer Officer-1055 is free
PILOTING 2
Officer Officer-55 is killed by Sith-2
GUNNERY 1
Officer Officer-106 is free
ENGINEERING 1
Officer Officer-144 is free
GUNNERY 1
Officer Officer-162 is free
TACTICAL 1
Officer Officer-195 is free
ENGINEERING 1
Officer Officer-229 is free
ENGINEERING 1
Officer Officer-234 is free
ENGINEERING 1
Officer Officer-243 is free
PILOTING 1
Officer Officer-253 is free
COMMAND 1
Officer Officer-265 is free
GUNNERY 1
Officer Officer-273 is free
ENGINEERING 1
Officer Officer-289 is free
PILOTING 1
Officer Officer-294 is free
ENGINEERING 1
Officer Officer-295 is free
GUNNERY 1
Officer Officer-300 is free
PILOTING 1
Officer Officer-305 is free
ENGINEERING 1
Officer Officer-306 is free
ENGINEERING 1
Officer Officer-318 is free
TACTICAL 1
Officer Officer-346 is killed by Sith-2
COMMAND 1
Officer Officer-352 is free
TACTICAL 1
Officer Officer-353 is free
TACTICAL 1
Officer Officer-357 is free
COMMAND 1
Officer Officer-375 is free
PILOTING 1
Officer Officer-378 is free
ENGINEERING 1
Officer Officer-392 is free
ENGINEERING 1
Officer Officer-397 is free
ENGINEERING 1
Officer Officer-409 is free
ENGINEERING 1
Officer Officer-411 is free
GUNNERY 1
Officer Officer-419 is free
GUNNERY 1
Officer Officer-435 is free
TACTICAL 1
Officer Officer-443 is free
TACTICAL 1
Officer Officer-446 is free
COMMAND 1
Officer Officer-452 is free
ENGINEERING 1
Officer Officer-457 is free
COMMAND 1
Officer Officer-470 is free
TACTICAL 1
Officer Officer-471 is free
PILOTING 1
Officer Officer-500 is free
PILOTING 1
Officer Officer-513 is free
GUNNERY 1
Officer Officer-531 is free
GUNNERY 1
Officer Officer-543 is free
TACTICAL 1
Officer Officer-547 is free
PILOTING 1
Officer Officer-553 is free
PILOTING 1
Officer Officer-571 is free
ENGINEERING 1
Officer Officer-585 is free
GUNNERY 1
Officer Officer-602 is free
PILOTING 1
Officer Officer-609 is killed by Sith-77
ENGINEERING 1
Officer Officer-673 is free
PILOTING 1
Officer Officer-685 is free
PILOTING 1
Officer Officer-698 is free
PILOTING 1
Officer Officer-742 is free
TACTICAL 1
Officer Officer-770 is free
PILOTING 1
Officer Officer-819 is free
TACTICAL 1
Officer Officer-825 is free
PILOTING 1
Officer Officer-840 is free
ENGINEERING 1
Officer Officer-847 is free
COMMAND 1
Officer Officer-880 is free
COMMAND 1
Officer Officer-895 is free
PILOTING 1
Officer Officer-923 is free
TACTICAL 1
Officer Officer-958 is free
TACTICAL 1
Officer Officer-968 is free
ENGINEERING 1
Officer Officer-993 is free
COMMAND 1
Officer Officer-1003 is free
TACTICAL 1
Officer Officer-1020 is free
GUNNERY 1
Officer Officer-1033 is free
ENGINEERING 1
Officer Officer-1070 is free
GUNNERY 1
Officer Officer-1075 is free
ENGINEERING 1
