Warship Negotiator in (Ryndellia, 5)
Kenobi 3282
Warship Malevolence is destroyed by Negotiator in (Ryndellia,5)
Warship Halleck is destroyed by Malevolence in (Mygeeto,4)
Sith Dooku is free
886
Jedi Windu is killed by Dooku
605
Jedi Kenobi is in Negotiator
500
Jedi Skywalker is in Negotiator
390
Officer Grievous is imprisoned
COMMAND 10
Officer Trent is killed by Dooku
COMMAND 5
Officer Ashoka is in Negotiator
PILOTING 3
Officer Rex is killed by Dooku
COMMAND 3
Officer Urhal is killed by Dooku
GUNNERY 2
Officer Billaba is killed by Dooku
PILOTING 1
