Warship Cruiser-1 in (Sector-4, 2)
Jedi-3 40866
Warship Destroyer-2 in (Sector-2, 3)
Sith-6 31140
Warship Cruiser-8 in (Sector-3, 9)
Jedi-41 24522
Warship Destroyer-4 in (Sector-1, 5)
Sith-21 18318
Warship Destroyer-5 in (Sector-1, 10)
Sith-23 9468
Warship Destroyer-7 in (Sector-4, 11)
Sith-31 7216
Warship Cruiser-6 in (Sector-4, 12)
Jedi-29 6552
Warship Destroyer-3 in (Sector-2, 4)
Sith-12 2338
Jedi Jedi-41 is in Cruiser-8
1363
Sith Sith-23 is in Destroyer-5
1293
Jedi Jedi-42 is free
1243
Jedi Jedi-29 is in Cruiser-6
1202
Sith Sith-6 is in Destroyer-2
1147
Sith Sith-21 is in Destroyer-4
1111
Sith Sith-22 is in Destroyer-5
1013
Sith Sith-5 is in Destroyer-2
1004
Sith Sith-19 is in Destroyer-4
984
Sith Sith-31 is in Destroyer-7
969
Sith Sith-8 is in Destroyer-2
957
Sith Sith-33 is in Destroyer-7
936
Jedi Jedi-3 is in Cruiser-1
935
Sith Sith-9 is in Destroyer-2
922
Sith Sith-20 is in Destroyer-4
879
Sith Sith-16 is in Destroyer-4
830
Jedi Jedi-40 is in Cruiser-8
796
Sith Sith-7 is in Destroyer-2
730
Sith Sith-18 is in Destroyer-4
688
Jedi Jedi-39 is in Cruiser-8
672
Sith Sith-17 is in Destroyer-4
615
Jedi Jedi-28 is in Cruiser-6
521
Jedi Jedi-38 is in Cruiser-8
480
Sith Sith-12 is in Destroyer-3
469
Jedi Jedi-1 is in Cruiser-1
460
Sith Sith-11 is in Destroyer-2
460
Jedi Jedi-49 is free
441
Jedi Jedi-48 is free
440
Sith Sith-32 is in Destroyer-7
410
Sith Sith-10 is in Destroyer-2
401
Sith Sith-15 is in Destroyer-4
398
Jedi Jedi-2 is in Cruiser-1
380
Jedi Jedi-50 is free
329
Jedi Jedi-30 is in Cruiser-6
260
Jedi Jedi-45 is free
118
Officer Officer-34 is in Destroyer-7
COMMAND 10
Officer Officer-47 is free
PILOTING 10
Officer Officer-51 is free
PILOTING 10
Officer Officer-27 is in Destroyer-5
COMMAND 9
Officer Officer-44 is in Destroyer-3
GUNNERY 9
Officer Officer-26 is in Destroyer-5
COMMAND 8
Officer Officer-37 is in Destroyer-7
PILOTING 8
Officer Officer-14 is in Destroyer-3
ENGINEERING 7
Officer Officer-35 is in Destroyer-7
GUNNERY 6
Officer Officer-43 is free
ENGINEERING 6
Officer Officer-46 is free
COMMAND 6
Officer Officer-13 is in Destroyer-3
PILOTING 5
Officer Officer-4 is in Cruiser-1
PILOTING 4
Officer Officer-24 is in Destroyer-5
TACTICAL 4
Officer Officer-25 is in Destroyer-5
GUNNERY 4
Officer Officer-36 is in Destroyer-7
PILOTING 1
